[2025-07-11T20:23:21.283+0000] {local_task_job_runner.py:120} INFO - ::group::Pre task execution logs
[2025-07-11T20:23:21.338+0000] {taskinstance.py:2076} INFO - Dependencies all met for dep_context=non-requeueable deps ti=<TaskInstance: daily_github_inference.run_model_inference scheduled__2025-07-10T00:00:00+00:00 [queued]>
[2025-07-11T20:23:21.348+0000] {taskinstance.py:2076} INFO - Dependencies all met for dep_context=requeueable deps ti=<TaskInstance: daily_github_inference.run_model_inference scheduled__2025-07-10T00:00:00+00:00 [queued]>
[2025-07-11T20:23:21.348+0000] {taskinstance.py:2306} INFO - Starting attempt 2 of 2
[2025-07-11T20:23:21.387+0000] {taskinstance.py:2330} INFO - Executing <Task(PythonOperator): run_model_inference> on 2025-07-10 00:00:00+00:00
[2025-07-11T20:23:21.399+0000] {logging_mixin.py:188} WARNING - /home/***/.local/lib/python3.12/site-packages/***/task/task_runner/standard_task_runner.py:61 DeprecationWarning: This process (pid=421) is multi-threaded, use of fork() may lead to deadlocks in the child.
[2025-07-11T20:23:21.400+0000] {standard_task_runner.py:63} INFO - Started process 425 to run task
[2025-07-11T20:23:21.402+0000] {standard_task_runner.py:90} INFO - Running: ['***', 'tasks', 'run', 'daily_github_inference', 'run_model_inference', 'scheduled__2025-07-10T00:00:00+00:00', '--job-id', '116', '--raw', '--subdir', 'DAGS_FOLDER/daily_github_inference.py', '--cfg-path', '/tmp/tmpyg1jslft']
[2025-07-11T20:23:21.404+0000] {standard_task_runner.py:91} INFO - Job 116: Subtask run_model_inference
[2025-07-11T20:23:21.419+0000] {logging_mixin.py:188} WARNING - /home/***/.local/lib/python3.12/site-packages/***/settings.py:195 DeprecationWarning: The sql_alchemy_conn option in [core] has been moved to the sql_alchemy_conn option in [database] - the old setting has been used, but please update your config.
[2025-07-11T20:23:21.453+0000] {task_command.py:426} INFO - Running <TaskInstance: daily_github_inference.run_model_inference scheduled__2025-07-10T00:00:00+00:00 [running]> on host 67f854b37ae3
[2025-07-11T20:23:21.549+0000] {taskinstance.py:2648} INFO - Exporting env vars: AIRFLOW_CTX_DAG_OWNER='rajat' AIRFLOW_CTX_DAG_ID='daily_github_inference' AIRFLOW_CTX_TASK_ID='run_model_inference' AIRFLOW_CTX_EXECUTION_DATE='2025-07-10T00:00:00+00:00' AIRFLOW_CTX_TRY_NUMBER='2' AIRFLOW_CTX_DAG_RUN_ID='scheduled__2025-07-10T00:00:00+00:00'
[2025-07-11T20:23:21.550+0000] {taskinstance.py:430} INFO - ::endgroup::
[2025-07-11T20:23:21.567+0000] {logging_mixin.py:188} INFO - [INFO] Running inference for timestamp: 2025-07-09-15
[2025-07-11T20:23:21.611+0000] {taskinstance.py:441} INFO - ::group::Post task execution logs
[2025-07-11T20:23:21.612+0000] {taskinstance.py:2905} ERROR - Task failed with exception
Traceback (most recent call last):
  File "/opt/airflow/github_pipeline/inference.py", line 44, in run_inference
    scaler, model = load_pickle("isolation_forest.pkl")
                    ^^^^^^^^^^^^^^^^^^^^^^^^^^^^^^^^^^^
  File "/opt/airflow/github_pipeline/utils/aws_utils.py", line 70, in load_pickle
    with open(local_path, "rb") as f:
         ^^^^^^^^^^^^^^^^^^^^^^
FileNotFoundError: [Errno 2] No such file or directory: 'models/isolation_forest.pkl'

During handling of the above exception, another exception occurred:

Traceback (most recent call last):
  File "/home/airflow/.local/lib/python3.12/site-packages/airflow/models/taskinstance.py", line 465, in _execute_task
    result = _execute_callable(context=context, **execute_callable_kwargs)
             ^^^^^^^^^^^^^^^^^^^^^^^^^^^^^^^^^^^^^^^^^^^^^^^^^^^^^^^^^^^^^
  File "/home/airflow/.local/lib/python3.12/site-packages/airflow/models/taskinstance.py", line 432, in _execute_callable
    return execute_callable(context=context, **execute_callable_kwargs)
           ^^^^^^^^^^^^^^^^^^^^^^^^^^^^^^^^^^^^^^^^^^^^^^^^^^^^^^^^^^^^
  File "/home/airflow/.local/lib/python3.12/site-packages/airflow/models/baseoperator.py", line 400, in wrapper
    return func(self, *args, **kwargs)
           ^^^^^^^^^^^^^^^^^^^^^^^^^^^
  File "/home/airflow/.local/lib/python3.12/site-packages/airflow/operators/python.py", line 235, in execute
    return_value = self.execute_callable()
                   ^^^^^^^^^^^^^^^^^^^^^^^
  File "/home/airflow/.local/lib/python3.12/site-packages/airflow/operators/python.py", line 252, in execute_callable
    return self.python_callable(*self.op_args, **self.op_kwargs)
           ^^^^^^^^^^^^^^^^^^^^^^^^^^^^^^^^^^^^^^^^^^^^^^^^^^^^^
  File "/opt/airflow/dags/daily_github_inference.py", line 45, in run_inference_wrapper
    run_inference(timestamp=ts)
  File "/opt/airflow/github_pipeline/inference.py", line 46, in run_inference
    raise FileNotFoundError("[ERROR] Model file not found: isolation_forest.pkl")
FileNotFoundError: [ERROR] Model file not found: isolation_forest.pkl
[2025-07-11T20:23:21.620+0000] {taskinstance.py:1206} INFO - Marking task as FAILED. dag_id=daily_github_inference, task_id=run_model_inference, run_id=scheduled__2025-07-10T00:00:00+00:00, execution_date=20250710T000000, start_date=20250711T202321, end_date=20250711T202321
[2025-07-11T20:23:21.630+0000] {standard_task_runner.py:110} ERROR - Failed to execute job 116 for task run_model_inference ([ERROR] Model file not found: isolation_forest.pkl; 425)
[2025-07-11T20:23:21.659+0000] {local_task_job_runner.py:240} INFO - Task exited with return code 1
[2025-07-11T20:23:21.679+0000] {taskinstance.py:3498} INFO - 0 downstream tasks scheduled from follow-on schedule check
[2025-07-11T20:23:21.681+0000] {local_task_job_runner.py:222} INFO - ::endgroup::
