[2025-07-09T18:25:29.219+0000] {local_task_job_runner.py:120} INFO - ::group::Pre task execution logs
[2025-07-09T18:25:29.239+0000] {taskinstance.py:2076} INFO - Dependencies all met for dep_context=non-requeueable deps ti=<TaskInstance: daily_github_inference.run_model_inference manual__2025-07-09T18:20:10.259037+00:00 [queued]>
[2025-07-09T18:25:29.244+0000] {taskinstance.py:2076} INFO - Dependencies all met for dep_context=requeueable deps ti=<TaskInstance: daily_github_inference.run_model_inference manual__2025-07-09T18:20:10.259037+00:00 [queued]>
[2025-07-09T18:25:29.245+0000] {taskinstance.py:2306} INFO - Starting attempt 2 of 2
[2025-07-09T18:25:29.253+0000] {taskinstance.py:2330} INFO - Executing <Task(PythonOperator): run_model_inference> on 2025-07-09 18:20:10.259037+00:00
[2025-07-09T18:25:29.262+0000] {logging_mixin.py:188} WARNING - /home/***/.local/lib/python3.12/site-packages/***/task/task_runner/standard_task_runner.py:61 DeprecationWarning: This process (pid=463) is multi-threaded, use of fork() may lead to deadlocks in the child.
[2025-07-09T18:25:29.263+0000] {standard_task_runner.py:63} INFO - Started process 466 to run task
[2025-07-09T18:25:29.262+0000] {standard_task_runner.py:90} INFO - Running: ['***', 'tasks', 'run', 'daily_github_inference', 'run_model_inference', 'manual__2025-07-09T18:20:10.259037+00:00', '--job-id', '40', '--raw', '--subdir', 'DAGS_FOLDER/daily_github_inference.py', '--cfg-path', '/tmp/tmp2145a86m']
[2025-07-09T18:25:29.265+0000] {standard_task_runner.py:91} INFO - Job 40: Subtask run_model_inference
[2025-07-09T18:25:29.275+0000] {logging_mixin.py:188} WARNING - /home/***/.local/lib/python3.12/site-packages/***/settings.py:195 DeprecationWarning: The sql_alchemy_conn option in [core] has been moved to the sql_alchemy_conn option in [database] - the old setting has been used, but please update your config.
[2025-07-09T18:25:29.297+0000] {task_command.py:426} INFO - Running <TaskInstance: daily_github_inference.run_model_inference manual__2025-07-09T18:20:10.259037+00:00 [running]> on host 49b9a4a3b242
[2025-07-09T18:25:29.401+0000] {taskinstance.py:2648} INFO - Exporting env vars: AIRFLOW_CTX_DAG_OWNER='rajat' AIRFLOW_CTX_DAG_ID='daily_github_inference' AIRFLOW_CTX_TASK_ID='run_model_inference' AIRFLOW_CTX_EXECUTION_DATE='2025-07-09T18:20:10.259037+00:00' AIRFLOW_CTX_TRY_NUMBER='2' AIRFLOW_CTX_DAG_RUN_ID='manual__2025-07-09T18:20:10.259037+00:00'
[2025-07-09T18:25:29.402+0000] {taskinstance.py:430} INFO - ::endgroup::
[2025-07-09T18:25:29.420+0000] {logging_mixin.py:188} INFO - [INFO] Running inference for timestamp: 2025-07-08-15
[2025-07-09T18:25:29.451+0000] {credentials.py:567} INFO - Found credentials in environment variables.
[2025-07-09T18:25:30.939+0000] {credentials.py:567} INFO - Found credentials in environment variables.
[2025-07-09T18:25:31.544+0000] {taskinstance.py:441} INFO - ::group::Post task execution logs
[2025-07-09T18:25:31.545+0000] {taskinstance.py:2905} ERROR - Task failed with exception
Traceback (most recent call last):
  File "/opt/airflow/github_pipeline/inference.py", line 46, in run_inference
    scaler, model = load_pickle("isolation_forest.pkl")
                    ^^^^^^^^^^^^^^^^^^^^^^^^^^^^^^^^^^^
  File "/opt/airflow/github_pipeline/utils/aws_utils.py", line 59, in load_pickle
    with fs.open(path, 'rb') as f:
         ^^^^^^^^^^^^^^^^^^^
  File "/home/airflow/.local/lib/python3.12/site-packages/fsspec/spec.py", line 1338, in open
    f = self._open(
        ^^^^^^^^^^^
  File "/home/airflow/.local/lib/python3.12/site-packages/s3fs/core.py", line 720, in _open
    return S3File(
           ^^^^^^^
  File "/home/airflow/.local/lib/python3.12/site-packages/s3fs/core.py", line 2257, in __init__
    super().__init__(
  File "/home/airflow/.local/lib/python3.12/site-packages/fsspec/spec.py", line 1912, in __init__
    self.size = self.details["size"]
                ^^^^^^^^^^^^
  File "/home/airflow/.local/lib/python3.12/site-packages/fsspec/spec.py", line 1925, in details
    self._details = self.fs.info(self.path)
                    ^^^^^^^^^^^^^^^^^^^^^^^
  File "/home/airflow/.local/lib/python3.12/site-packages/fsspec/asyn.py", line 118, in wrapper
    return sync(self.loop, func, *args, **kwargs)
           ^^^^^^^^^^^^^^^^^^^^^^^^^^^^^^^^^^^^^^
  File "/home/airflow/.local/lib/python3.12/site-packages/fsspec/asyn.py", line 103, in sync
    raise return_result
  File "/home/airflow/.local/lib/python3.12/site-packages/fsspec/asyn.py", line 56, in _runner
    result[0] = await coro
                ^^^^^^^^^^
  File "/home/airflow/.local/lib/python3.12/site-packages/s3fs/core.py", line 1492, in _info
    raise FileNotFoundError(path)
FileNotFoundError: github-anomaly-project/models/isolation_forest.pkl

During handling of the above exception, another exception occurred:

Traceback (most recent call last):
  File "/home/airflow/.local/lib/python3.12/site-packages/airflow/models/taskinstance.py", line 465, in _execute_task
    result = _execute_callable(context=context, **execute_callable_kwargs)
             ^^^^^^^^^^^^^^^^^^^^^^^^^^^^^^^^^^^^^^^^^^^^^^^^^^^^^^^^^^^^^
  File "/home/airflow/.local/lib/python3.12/site-packages/airflow/models/taskinstance.py", line 432, in _execute_callable
    return execute_callable(context=context, **execute_callable_kwargs)
           ^^^^^^^^^^^^^^^^^^^^^^^^^^^^^^^^^^^^^^^^^^^^^^^^^^^^^^^^^^^^
  File "/home/airflow/.local/lib/python3.12/site-packages/airflow/models/baseoperator.py", line 400, in wrapper
    return func(self, *args, **kwargs)
           ^^^^^^^^^^^^^^^^^^^^^^^^^^^
  File "/home/airflow/.local/lib/python3.12/site-packages/airflow/operators/python.py", line 235, in execute
    return_value = self.execute_callable()
                   ^^^^^^^^^^^^^^^^^^^^^^^
  File "/home/airflow/.local/lib/python3.12/site-packages/airflow/operators/python.py", line 252, in execute_callable
    return self.python_callable(*self.op_args, **self.op_kwargs)
           ^^^^^^^^^^^^^^^^^^^^^^^^^^^^^^^^^^^^^^^^^^^^^^^^^^^^^
  File "/opt/airflow/dags/daily_github_inference.py", line 45, in run_inference_wrapper
    run_inference(timestamp=ts)
  File "/opt/airflow/github_pipeline/inference.py", line 48, in run_inference
    raise FileNotFoundError("[ERROR] Model file not found: isolation_forest.pkl")
FileNotFoundError: [ERROR] Model file not found: isolation_forest.pkl
[2025-07-09T18:25:31.564+0000] {taskinstance.py:1206} INFO - Marking task as FAILED. dag_id=daily_github_inference, task_id=run_model_inference, run_id=manual__2025-07-09T18:20:10.259037+00:00, execution_date=20250709T182010, start_date=20250709T182529, end_date=20250709T182531
[2025-07-09T18:25:31.578+0000] {standard_task_runner.py:110} ERROR - Failed to execute job 40 for task run_model_inference ([ERROR] Model file not found: isolation_forest.pkl; 466)
[2025-07-09T18:25:31.609+0000] {local_task_job_runner.py:240} INFO - Task exited with return code 1
[2025-07-09T18:25:31.637+0000] {taskinstance.py:3498} INFO - 0 downstream tasks scheduled from follow-on schedule check
[2025-07-09T18:25:31.644+0000] {local_task_job_runner.py:222} INFO - ::endgroup::
